// Jest Snapshot v1, https://goo.gl/fbAQLP

exports[`ErrorBoundary snapshot test renders 1`] = `
<div>
  <div>
    dummy component
  </div>
</div>
`;
