// Jest Snapshot v1, https://goo.gl/fbAQLP

exports[`JobDetails snapshot test renders 1`] = `
<div>
  <div
    class="loading-indicator-container"
  >
    <h3
      class="loading-title"
    >
      Loading...
    </h3>
    <div
      class="loading-text"
    >
      Please wait for job details to be updated
    </div>
  </div>
</div>
`;
